========================================================================================
Session B - ablation + gate clamping
exported from papc_B_results.json on 2026-09-08 08:45 UTC
metrics recorded per run; derived from the stored results JSON
========================================================================================

[ablation]
dataset          condition      seed      ACC      AUC      ECE     gate      min
----------------------------------------------------------------------------------------
dermamnist       vanilla           0   0.8778   0.9821   0.0720   0.0000     2.99
dermamnist       vanilla           1   0.8733   0.9812   0.0765   0.0000     2.96
dermamnist       vanilla           2   0.8698   0.9822   0.0948   0.0000     2.95
  -> mean        vanilla           3            0.9818   0.0811
dermamnist       fixed_0.05        0   0.8090   0.9751   0.0645   0.0687     9.74
dermamnist       fixed_0.05        1   0.3930   0.9569   0.2385   0.0546     9.75
dermamnist       fixed_0.05        2   0.4549   0.9591   0.2429   0.0653     9.73
  -> mean        fixed_0.05        3            0.9637   0.1820
dermamnist       fixed_0.001       0   0.8668   0.9812   0.0821   0.0092     9.73
dermamnist       fixed_0.001       1   0.8668   0.9810   0.1037   0.0077     9.74
dermamnist       fixed_0.001       2   0.8748   0.9777   0.0956   0.0071     9.74
  -> mean        fixed_0.001       3            0.9800   0.0938
dermamnist       prog_0.005        0   0.8618   0.9805   0.0814   0.0085     9.74
dermamnist       prog_0.005        1   0.8658   0.9807   0.1030   0.0051     9.74
dermamnist       prog_0.005        2   0.8703   0.9776   0.0837   0.0085     9.74
  -> mean        prog_0.005        3            0.9796   0.0894
dermamnist       adaptive          0   0.8708   0.9810   0.0979   0.0062     9.74
dermamnist       adaptive          1   0.8653   0.9808   0.1067   0.0063     9.75
dermamnist       adaptive          2   0.8688   0.9777   0.0628   0.0065     9.75
  -> mean        adaptive          3            0.9798   0.0891
dermamnist       PAPC              0   0.8653   0.9811   0.0886   0.0074     9.73
dermamnist       PAPC              1   0.8673   0.9809   0.1028   0.0059     9.75
dermamnist       PAPC              2   0.8708   0.9799   0.0776   0.0084     9.74
  -> mean        PAPC              3            0.9806   0.0897
pneumoniamnist   vanilla           0   0.8830   0.9923   0.0394   0.0000     1.92
pneumoniamnist   vanilla           1   0.9583   0.9908   0.0828   0.0000     1.92
pneumoniamnist   vanilla           2   0.9423   0.9925   0.0453   0.0000     1.92
  -> mean        vanilla           3            0.9919   0.0558
pneumoniamnist   fixed_0.05        0   0.9407   0.9915   0.0124   0.0584     6.54
pneumoniamnist   fixed_0.05        1   0.9263   0.9878   0.0168   0.0639     6.53
pneumoniamnist   fixed_0.05        2   0.9119   0.9883   0.0254   0.0602     6.53
  -> mean        fixed_0.05        3            0.9892   0.0182
pneumoniamnist   fixed_0.001       0   0.8878   0.9914   0.0337   0.0038     6.53
pneumoniamnist   fixed_0.001       1   0.9295   0.9913   0.0477   0.0041     6.53
pneumoniamnist   fixed_0.001       2   0.9359   0.9908   0.0498   0.0065     6.54
  -> mean        fixed_0.001       3            0.9912   0.0438
pneumoniamnist   prog_0.005        0   0.8974   0.9916   0.0278   0.0108     6.53
pneumoniamnist   prog_0.005        1   0.9215   0.9904   0.0421   0.0092     6.54
pneumoniamnist   prog_0.005        2   0.9391   0.9913   0.0406   0.0142     6.53
  -> mean        prog_0.005        3            0.9911   0.0368
pneumoniamnist   adaptive          0   0.8718   0.9919   0.0326   0.0067     6.53
pneumoniamnist   adaptive          1   0.9135   0.9920   0.0385   0.0057     6.54
pneumoniamnist   adaptive          2   0.9311   0.9916   0.0502   0.0084     6.54
  -> mean        adaptive          3            0.9918   0.0404
pneumoniamnist   PAPC              0   0.8638   0.9914   0.0517   0.0046     6.53
pneumoniamnist   PAPC              1   0.8958   0.9908   0.0496   0.0031     6.54
pneumoniamnist   PAPC              2   0.9391   0.9900   0.0385   0.0068     6.54
  -> mean        PAPC              3            0.9907   0.0466
bloodmnist       vanilla           0   0.9901   0.9992   0.0930   0.0000     3.96
bloodmnist       vanilla           1   0.9895   0.9994   0.0782   0.0000     3.91
bloodmnist       vanilla           2   0.9904   0.9994   0.0575   0.0000     3.92
  -> mean        vanilla           3            0.9993   0.0762
bloodmnist       fixed_0.05        0   0.9661   0.9990   0.1006   0.0996    13.36
bloodmnist       fixed_0.05        1   0.9813   0.9992   0.0906   0.1009    13.35
bloodmnist       fixed_0.05        2   0.9810   0.9992   0.1570   0.0840    13.34
  -> mean        fixed_0.05        3            0.9991   0.1160
bloodmnist       fixed_0.001       0   0.9868   0.9995   0.0653   0.0154    13.34
bloodmnist       fixed_0.001       1   0.9874   0.9994   0.0693   0.0191    13.34
bloodmnist       fixed_0.001       2   0.9889   0.9993   0.0683   0.0104    13.35
  -> mean        fixed_0.001       3            0.9994   0.0676
bloodmnist       prog_0.005        0   0.9880   0.9995   0.0605   0.0264    13.35
bloodmnist       prog_0.005        1   0.9866   0.9994   0.0663   0.0292    13.34
bloodmnist       prog_0.005        2   0.9889   0.9994   0.0598   0.0206    13.35
  -> mean        prog_0.005        3            0.9994   0.0622
bloodmnist       adaptive          0   0.9877   0.9995   0.0676   0.0189    13.35
bloodmnist       adaptive          1   0.9868   0.9994   0.0693   0.0191    13.35
bloodmnist       adaptive          2   0.9898   0.9993   0.0622   0.0145    13.35
  -> mean        adaptive          3            0.9994   0.0664
bloodmnist       PAPC              0   0.9871   0.9994   0.0748   0.0154    13.34
bloodmnist       PAPC              1   0.9880   0.9994   0.0715   0.0167    13.35
bloodmnist       PAPC              2   0.9889   0.9994   0.0620   0.0112    13.36
  -> mean        PAPC              3            0.9994   0.0695
breastmnist      vanilla           0   0.6923   0.8159   0.0849   0.0000     0.51
breastmnist      vanilla           1   0.6346   0.8140   0.1073   0.0000     0.50
breastmnist      vanilla           2   0.8013   0.8227   0.0603   0.0000     0.50
  -> mean        vanilla           3            0.8175   0.0842
breastmnist      fixed_0.05        0   0.7756   0.8808   0.1628   0.0190     1.43
breastmnist      fixed_0.05        1   0.8205   0.8390   0.0576   0.0165     1.44
breastmnist      fixed_0.05        2   0.7756   0.8585   0.0679   0.0180     1.44
  -> mean        fixed_0.05        3            0.8594   0.0961
breastmnist      fixed_0.001       0   0.7821   0.8648   0.1567   0.0053     1.43
breastmnist      fixed_0.001       1   0.7628   0.8418   0.0701   0.0043     1.43
breastmnist      fixed_0.001       2   0.6923   0.8148   0.1579   0.0040     1.43
  -> mean        fixed_0.001       3            0.8405   0.1282
breastmnist      prog_0.005        0   0.7692   0.8662   0.1481   0.0046     1.43
breastmnist      prog_0.005        1   0.7500   0.8255   0.0745   0.0045     1.43
breastmnist      prog_0.005        2   0.6667   0.8179   0.0687   0.0038     1.43
  -> mean        prog_0.005        3            0.8365   0.0971
breastmnist      adaptive          0   0.7756   0.8642   0.1389   0.0057     1.44
breastmnist      adaptive          1   0.7692   0.8218   0.0538   0.0051     1.43
breastmnist      adaptive          2   0.6859   0.8164   0.0760   0.0060     1.44
  -> mean        adaptive          3            0.8342   0.0896
breastmnist      PAPC              0   0.7756   0.8632   0.1578   0.0043     1.43
breastmnist      PAPC              1   0.7628   0.8194   0.0696   0.0040     1.44
breastmnist      PAPC              2   0.6538   0.8119   0.0824   0.0049     1.43
  -> mean        PAPC              3            0.8315   0.1033

[clamp]
dataset          condition      seed      ACC      AUC      ECE     gate      min
----------------------------------------------------------------------------------------
dermamnist       vanilla           0   0.8778   0.9821   0.0720   0.0000     2.94
dermamnist       vanilla           1   0.8733   0.9812   0.0765   0.0000     2.96
dermamnist       vanilla           2   0.8698   0.9822   0.0948   0.0000     2.96
  -> mean        vanilla           3            0.9818   0.0811

========================================================================================
runs logged: 75    total train+eval time: 8.4 GPU-hours
========================================================================================
