==============================================================================
Session A - main SOTA table
captured console output from results_of_a_APAPC_CAISc_final.ipynb
original run: NVIDIA A100, executed top-to-bottom
==============================================================================

--- cell 1 -------------------------------------------------------------
SESSION = A

--- cell 2 -------------------------------------------------------------
GPU: NVIDIA A100-SXM4-40GB | 42GB
Output: /teamspace/studios/this_studio | bf16: True | timm: 1.0.27

--- cell 3 -------------------------------------------------------------
  vanilla  params= 85,804,808  ploss=0.0000
  fixed    params= 92,797,459  ploss=0.1146
  PAPC     params= 92,797,471  ploss=0.0000
Model OK

--- cell 4 -------------------------------------------------------------
Data + metrics ready

--- cell 5 -------------------------------------------------------------
train_eval ready

--- cell 6 -------------------------------------------------------------
train_eval ready

--- cell 7 -------------------------------------------------------------
Config ready | SESSION = A

--- cell 8 -------------------------------------------------------------
SESSION A: Main SOTA table with ViT-Base
Conditions: Vanilla-B, HP-ViT-B (w=0.05, the failure), PAPC-B (novel)

=== pathmnist (n=89996) ===
Warning: You are sending unauthenticated requests to the HF Hub. Please set a HF_TOKEN to enable higher rate limits and faster downloads.
  vanilla        s0: AUC=0.9981 ACC=0.9600 ECE=0.0603 gate=0.000 (10.9m)
  vanilla        s1: AUC=0.9971 ACC=0.9561 ECE=0.0597 gate=0.000 (10.9m)
  vanilla        s2: AUC=0.9977 ACC=0.9553 ECE=0.0599 gate=0.000 (10.9m)
  hp_0.05        s0: AUC=0.9908 ACC=0.9464 ECE=0.1048 gate=0.178 (38.6m)
  hp_0.05        s1: AUC=0.9909 ACC=0.9425 ECE=0.0321 gate=0.198 (38.6m)
  hp_0.05        s2: AUC=0.9927 ACC=0.9501 ECE=0.0736 gate=0.182 (38.6m)
  PAPC           s0: AUC=0.9974 ACC=0.9561 ECE=0.0708 gate=0.007 (38.6m)
  PAPC           s1: AUC=0.9980 ACC=0.9543 ECE=0.0752 gate=0.006 (38.6m)
  PAPC           s2: AUC=0.9975 ACC=0.9564 ECE=0.0571 gate=0.006 (38.6m)
  vanilla        mean AUC=0.9976+-0.0004  (best pub=0.999)
  hp_0.05        mean AUC=0.9915+-0.0009  (best pub=0.999)
  PAPC           mean AUC=0.9976+-0.0003  (best pub=0.999)
100%|██████████| 1.54G/1.54G [01:18<00:00, 19.6MB/s] 

=== bloodmnist (n=11959) ===
  vanilla        s0: AUC=0.9992 ACC=0.9901 ECE=0.0930 gate=0.000 (3.9m)
  vanilla        s1: AUC=0.9994 ACC=0.9895 ECE=0.0782 gate=0.000 (3.9m)
  vanilla        s2: AUC=0.9994 ACC=0.9904 ECE=0.0575 gate=0.000 (3.9m)
  hp_0.05        s0: AUC=0.9990 ACC=0.9661 ECE=0.1006 gate=0.100 (13.3m)
  hp_0.05        s1: AUC=0.9992 ACC=0.9813 ECE=0.0906 gate=0.101 (13.4m)
  hp_0.05        s2: AUC=0.9992 ACC=0.9810 ECE=0.1570 gate=0.084 (13.3m)
  PAPC           s0: AUC=0.9994 ACC=0.9871 ECE=0.0748 gate=0.015 (13.4m)
  PAPC           s1: AUC=0.9994 ACC=0.9880 ECE=0.0715 gate=0.017 (13.4m)
  PAPC           s2: AUC=0.9994 ACC=0.9889 ECE=0.0620 gate=0.011 (13.4m)
  vanilla        mean AUC=0.9993+-0.0001  (best pub=0.999)
  hp_0.05        mean AUC=0.9991+-0.0001  (best pub=0.999)
  PAPC           mean AUC=0.9994+-0.0000  (best pub=0.999)
100%|██████████| 1.09G/1.09G [00:43<00:00, 25.3MB/s] 

=== dermamnist (n=7007) ===
  vanilla        s0: AUC=0.9821 ACC=0.8778 ECE=0.0720 gate=0.000 (3.0m)
  vanilla        s1: AUC=0.9812 ACC=0.8733 ECE=0.0765 gate=0.000 (3.0m)
  vanilla        s2: AUC=0.9822 ACC=0.8698 ECE=0.0948 gate=0.000 (3.0m)
  hp_0.05        s0: AUC=0.9751 ACC=0.8090 ECE=0.0645 gate=0.069 (9.7m)
  hp_0.05        s1: AUC=0.9569 ACC=0.3930 ECE=0.2385 gate=0.055 (9.7m)
  hp_0.05        s2: AUC=0.9591 ACC=0.4549 ECE=0.2429 gate=0.065 (9.7m)
  PAPC           s0: AUC=0.9811 ACC=0.8653 ECE=0.0886 gate=0.007 (9.8m)
  PAPC           s1: AUC=0.9809 ACC=0.8673 ECE=0.1028 gate=0.006 (9.8m)
  PAPC           s2: AUC=0.9799 ACC=0.8708 ECE=0.0776 gate=0.008 (9.7m)
  vanilla        mean AUC=0.9818+-0.0004  (best pub=0.937)
  hp_0.05        mean AUC=0.9637+-0.0081  (best pub=0.937)
  PAPC           mean AUC=0.9806+-0.0005  (best pub=0.937)
100%|██████████| 30.9M/30.9M [00:02<00:00, 15.0MB/s]

=== breastmnist (n=546) ===
  vanilla        s0: AUC=0.8159 ACC=0.6923 ECE=0.0849 gate=0.000 (0.5m)
  vanilla        s1: AUC=0.8140 ACC=0.6346 ECE=0.1073 gate=0.000 (0.5m)
  vanilla        s2: AUC=0.8227 ACC=0.8013 ECE=0.0603 gate=0.000 (0.5m)
  hp_0.05        s0: AUC=0.8808 ACC=0.7756 ECE=0.1628 gate=0.019 (1.4m)
  hp_0.05        s1: AUC=0.8390 ACC=0.8205 ECE=0.0576 gate=0.016 (1.4m)
  hp_0.05        s2: AUC=0.8585 ACC=0.7756 ECE=0.0679 gate=0.018 (1.4m)
  PAPC           s0: AUC=0.8632 ACC=0.7756 ECE=0.1578 gate=0.004 (1.4m)
  PAPC           s1: AUC=0.8194 ACC=0.7628 ECE=0.0696 gate=0.004 (1.4m)
  PAPC           s2: AUC=0.8119 ACC=0.6538 ECE=0.0824 gate=0.005 (1.4m)
  vanilla        mean AUC=0.8175+-0.0037  (best pub=0.938)
  hp_0.05        mean AUC=0.8594+-0.0171  (best pub=0.938)
  PAPC           mean AUC=0.8315+-0.0226  (best pub=0.938)
100%|██████████| 214M/214M [00:13<00:00, 15.6MB/s] 

=== pneumoniamnist (n=4708) ===
  vanilla        s0: AUC=0.9923 ACC=0.8830 ECE=0.0394 gate=0.000 (1.9m)
  vanilla        s1: AUC=0.9908 ACC=0.9583 ECE=0.0828 gate=0.000 (1.9m)
  vanilla        s2: AUC=0.9925 ACC=0.9423 ECE=0.0453 gate=0.000 (1.9m)
  hp_0.05        s0: AUC=0.9915 ACC=0.9407 ECE=0.0124 gate=0.058 (6.5m)
  hp_0.05        s1: AUC=0.9878 ACC=0.9263 ECE=0.0168 gate=0.064 (6.5m)
  hp_0.05        s2: AUC=0.9883 ACC=0.9119 ECE=0.0254 gate=0.060 (6.5m)
  PAPC           s0: AUC=0.9914 ACC=0.8638 ECE=0.0517 gate=0.005 (6.5m)
  PAPC           s1: AUC=0.9908 ACC=0.8958 ECE=0.0496 gate=0.003 (6.5m)
  PAPC           s2: AUC=0.9900 ACC=0.9391 ECE=0.0385 gate=0.007 (6.5m)
  vanilla        mean AUC=0.9919+-0.0008  (best pub=0.995)
  hp_0.05        mean AUC=0.9892+-0.0017  (best pub=0.995)
  PAPC           mean AUC=0.9907+-0.0006  (best pub=0.995)
TIME: skipping retinamnist

================================================================================
SOTA TABLE (Session A)
Dataset               n   Vanilla   HP 0.05      PAPC  best pub  PAPC>pub
  pathmnist         89996    0.9976    0.9915    0.9976     0.999          
  bloodmnist        11959    0.9993    0.9991    0.9994     0.999       WIN
  dermamnist         7007    0.9818    0.9637    0.9806     0.937       WIN
  breastmnist         546    0.8175    0.8594    0.8315     0.938          
  pneumoniamnist     4708    0.9919    0.9892    0.9907     0.995          
  retinamnist           ?       nan       nan       nan     0.773          
  organamnist           ?       nan       nan       nan     0.998          
  organcmnist           ?       nan       nan       nan     0.997          

Session A done: 501.7 min

--- cell 9 -------------------------------------------------------------

Saved -> /teamspace/studios/this_studio/papc_A_results.json
Total wall-clock: 502.1 min
Download this JSON. Send it to me to fill in all paper tables and figures.

