==============================================================================
Session B - ablation + gate clamping
captured console output from results_b_B_PAPC_CAISc_final.ipynb
original run: NVIDIA A100, executed top-to-bottom
==============================================================================

--- cell 1 -------------------------------------------------------------
SESSION = B

--- cell 2 -------------------------------------------------------------
GPU: NVIDIA A100-SXM4-40GB | 42GB
Output: /teamspace/studios/this_studio | bf16: True | timm: 1.0.27

--- cell 3 -------------------------------------------------------------
  vanilla  params= 85,804,808  ploss=0.0000
  fixed    params= 92,797,459  ploss=0.1146
  PAPC     params= 92,797,471  ploss=0.0000
Model OK

--- cell 4 -------------------------------------------------------------
Data + metrics ready

--- cell 5 -------------------------------------------------------------
train_eval ready

--- cell 6 -------------------------------------------------------------
Config ready | SESSION = B

--- cell 7 -------------------------------------------------------------
SESSION B: Full ablation (6 conditions) + gate-clamping
100%|██████████| 1.09G/1.09G [00:53<00:00, 20.4MB/s] 

=== dermamnist (n=7007) ===
  vanilla        s0: AUC=0.9821 ACC=0.8778 ECE=0.0720 gate=0.000 (3.0m)
  vanilla        s1: AUC=0.9812 ACC=0.8733 ECE=0.0765 gate=0.000 (3.0m)
  vanilla        s2: AUC=0.9822 ACC=0.8698 ECE=0.0948 gate=0.000 (3.0m)
Warning: You are sending unauthenticated requests to the HF Hub. Please set a HF_TOKEN to enable higher rate limits and faster downloads.
  fixed_0.05     s0: AUC=0.9751 ACC=0.8090 ECE=0.0645 gate=0.069 (9.7m)
  fixed_0.05     s1: AUC=0.9569 ACC=0.3930 ECE=0.2385 gate=0.055 (9.8m)
  fixed_0.05     s2: AUC=0.9591 ACC=0.4549 ECE=0.2429 gate=0.065 (9.7m)
  fixed_0.001    s0: AUC=0.9812 ACC=0.8668 ECE=0.0821 gate=0.009 (9.7m)
  fixed_0.001    s1: AUC=0.9810 ACC=0.8668 ECE=0.1037 gate=0.008 (9.7m)
  fixed_0.001    s2: AUC=0.9777 ACC=0.8748 ECE=0.0956 gate=0.007 (9.7m)
  prog_0.005     s0: AUC=0.9805 ACC=0.8618 ECE=0.0814 gate=0.009 (9.7m)
  prog_0.005     s1: AUC=0.9807 ACC=0.8658 ECE=0.1030 gate=0.005 (9.7m)
  prog_0.005     s2: AUC=0.9776 ACC=0.8703 ECE=0.0837 gate=0.008 (9.7m)
  adaptive       s0: AUC=0.9810 ACC=0.8708 ECE=0.0979 gate=0.006 (9.7m)
  adaptive       s1: AUC=0.9808 ACC=0.8653 ECE=0.1067 gate=0.006 (9.7m)
  adaptive       s2: AUC=0.9777 ACC=0.8688 ECE=0.0628 gate=0.007 (9.7m)
  PAPC           s0: AUC=0.9811 ACC=0.8653 ECE=0.0886 gate=0.007 (9.7m)
  PAPC           s1: AUC=0.9809 ACC=0.8673 ECE=0.1028 gate=0.006 (9.7m)
  PAPC           s2: AUC=0.9799 ACC=0.8708 ECE=0.0776 gate=0.008 (9.7m)
  vanilla        mean AUC=0.9818+-0.0004  (best pub=0.937)
  fixed_0.05     mean AUC=0.9637+-0.0081  (best pub=0.937)
  fixed_0.001    mean AUC=0.9800+-0.0016  (best pub=0.937)
  prog_0.005     mean AUC=0.9796+-0.0014  (best pub=0.937)
  adaptive       mean AUC=0.9798+-0.0015  (best pub=0.937)
  PAPC           mean AUC=0.9806+-0.0005  (best pub=0.937)
100%|██████████| 214M/214M [00:12<00:00, 17.2MB/s] 

=== pneumoniamnist (n=4708) ===
  vanilla        s0: AUC=0.9923 ACC=0.8830 ECE=0.0394 gate=0.000 (1.9m)
  vanilla        s1: AUC=0.9908 ACC=0.9583 ECE=0.0828 gate=0.000 (1.9m)
  vanilla        s2: AUC=0.9925 ACC=0.9423 ECE=0.0453 gate=0.000 (1.9m)
  fixed_0.05     s0: AUC=0.9915 ACC=0.9407 ECE=0.0124 gate=0.058 (6.5m)
  fixed_0.05     s1: AUC=0.9878 ACC=0.9263 ECE=0.0168 gate=0.064 (6.5m)
  fixed_0.05     s2: AUC=0.9883 ACC=0.9119 ECE=0.0254 gate=0.060 (6.5m)
  fixed_0.001    s0: AUC=0.9914 ACC=0.8878 ECE=0.0337 gate=0.004 (6.5m)
  fixed_0.001    s1: AUC=0.9913 ACC=0.9295 ECE=0.0477 gate=0.004 (6.5m)
  fixed_0.001    s2: AUC=0.9908 ACC=0.9359 ECE=0.0498 gate=0.007 (6.5m)
  prog_0.005     s0: AUC=0.9916 ACC=0.8974 ECE=0.0278 gate=0.011 (6.5m)
  prog_0.005     s1: AUC=0.9904 ACC=0.9215 ECE=0.0421 gate=0.009 (6.5m)
  prog_0.005     s2: AUC=0.9913 ACC=0.9391 ECE=0.0406 gate=0.014 (6.5m)
  adaptive       s0: AUC=0.9919 ACC=0.8718 ECE=0.0326 gate=0.007 (6.5m)
  adaptive       s1: AUC=0.9920 ACC=0.9135 ECE=0.0385 gate=0.006 (6.5m)
  adaptive       s2: AUC=0.9916 ACC=0.9311 ECE=0.0502 gate=0.008 (6.5m)
  PAPC           s0: AUC=0.9914 ACC=0.8638 ECE=0.0517 gate=0.005 (6.5m)
  PAPC           s1: AUC=0.9908 ACC=0.8958 ECE=0.0496 gate=0.003 (6.5m)
  PAPC           s2: AUC=0.9900 ACC=0.9391 ECE=0.0385 gate=0.007 (6.5m)
  vanilla        mean AUC=0.9919+-0.0008  (best pub=0.995)
  fixed_0.05     mean AUC=0.9892+-0.0017  (best pub=0.995)
  fixed_0.001    mean AUC=0.9912+-0.0003  (best pub=0.995)
  prog_0.005     mean AUC=0.9911+-0.0005  (best pub=0.995)
  adaptive       mean AUC=0.9918+-0.0002  (best pub=0.995)
  PAPC           mean AUC=0.9907+-0.0006  (best pub=0.995)
100%|██████████| 1.54G/1.54G [01:24<00:00, 18.2MB/s] 

=== bloodmnist (n=11959) ===
  vanilla        s0: AUC=0.9992 ACC=0.9901 ECE=0.0930 gate=0.000 (4.0m)
  vanilla        s1: AUC=0.9994 ACC=0.9895 ECE=0.0782 gate=0.000 (3.9m)
  vanilla        s2: AUC=0.9994 ACC=0.9904 ECE=0.0575 gate=0.000 (3.9m)
  fixed_0.05     s0: AUC=0.9990 ACC=0.9661 ECE=0.1006 gate=0.100 (13.4m)
  fixed_0.05     s1: AUC=0.9992 ACC=0.9813 ECE=0.0906 gate=0.101 (13.4m)
  fixed_0.05     s2: AUC=0.9992 ACC=0.9810 ECE=0.1570 gate=0.084 (13.3m)
  fixed_0.001    s0: AUC=0.9995 ACC=0.9868 ECE=0.0653 gate=0.015 (13.3m)
  fixed_0.001    s1: AUC=0.9994 ACC=0.9874 ECE=0.0693 gate=0.019 (13.3m)
  fixed_0.001    s2: AUC=0.9993 ACC=0.9889 ECE=0.0683 gate=0.010 (13.4m)
  prog_0.005     s0: AUC=0.9995 ACC=0.9880 ECE=0.0605 gate=0.026 (13.3m)
  prog_0.005     s1: AUC=0.9994 ACC=0.9866 ECE=0.0663 gate=0.029 (13.3m)
  prog_0.005     s2: AUC=0.9994 ACC=0.9889 ECE=0.0598 gate=0.021 (13.3m)
  adaptive       s0: AUC=0.9995 ACC=0.9877 ECE=0.0676 gate=0.019 (13.4m)
  adaptive       s1: AUC=0.9994 ACC=0.9868 ECE=0.0693 gate=0.019 (13.4m)
  adaptive       s2: AUC=0.9993 ACC=0.9898 ECE=0.0622 gate=0.014 (13.4m)
  PAPC           s0: AUC=0.9994 ACC=0.9871 ECE=0.0748 gate=0.015 (13.3m)
  PAPC           s1: AUC=0.9994 ACC=0.9880 ECE=0.0715 gate=0.017 (13.3m)
  PAPC           s2: AUC=0.9994 ACC=0.9889 ECE=0.0620 gate=0.011 (13.4m)
  vanilla        mean AUC=0.9993+-0.0001  (best pub=0.999)
  fixed_0.05     mean AUC=0.9991+-0.0001  (best pub=0.999)
  fixed_0.001    mean AUC=0.9994+-0.0000  (best pub=0.999)
  prog_0.005     mean AUC=0.9994+-0.0000  (best pub=0.999)
  adaptive       mean AUC=0.9994+-0.0001  (best pub=0.999)
  PAPC           mean AUC=0.9994+-0.0000  (best pub=0.999)
100%|██████████| 30.9M/30.9M [00:02<00:00, 13.9MB/s]

=== breastmnist (n=546) ===
  vanilla        s0: AUC=0.8159 ACC=0.6923 ECE=0.0849 gate=0.000 (0.5m)
  vanilla        s1: AUC=0.8140 ACC=0.6346 ECE=0.1073 gate=0.000 (0.5m)
  vanilla        s2: AUC=0.8227 ACC=0.8013 ECE=0.0603 gate=0.000 (0.5m)
  fixed_0.05     s0: AUC=0.8808 ACC=0.7756 ECE=0.1628 gate=0.019 (1.4m)
  fixed_0.05     s1: AUC=0.8390 ACC=0.8205 ECE=0.0576 gate=0.016 (1.4m)
  fixed_0.05     s2: AUC=0.8585 ACC=0.7756 ECE=0.0679 gate=0.018 (1.4m)
  fixed_0.001    s0: AUC=0.8648 ACC=0.7821 ECE=0.1567 gate=0.005 (1.4m)
  fixed_0.001    s1: AUC=0.8418 ACC=0.7628 ECE=0.0701 gate=0.004 (1.4m)
  fixed_0.001    s2: AUC=0.8148 ACC=0.6923 ECE=0.1579 gate=0.004 (1.4m)
  prog_0.005     s0: AUC=0.8662 ACC=0.7692 ECE=0.1481 gate=0.005 (1.4m)
  prog_0.005     s1: AUC=0.8255 ACC=0.7500 ECE=0.0745 gate=0.005 (1.4m)
  prog_0.005     s2: AUC=0.8179 ACC=0.6667 ECE=0.0687 gate=0.004 (1.4m)
  adaptive       s0: AUC=0.8642 ACC=0.7756 ECE=0.1389 gate=0.006 (1.4m)
  adaptive       s1: AUC=0.8218 ACC=0.7692 ECE=0.0538 gate=0.005 (1.4m)
  adaptive       s2: AUC=0.8164 ACC=0.6859 ECE=0.0760 gate=0.006 (1.4m)
  PAPC           s0: AUC=0.8632 ACC=0.7756 ECE=0.1578 gate=0.004 (1.4m)
  PAPC           s1: AUC=0.8194 ACC=0.7628 ECE=0.0696 gate=0.004 (1.4m)
  PAPC           s2: AUC=0.8119 ACC=0.6538 ECE=0.0824 gate=0.005 (1.4m)
  vanilla        mean AUC=0.8175+-0.0037  (best pub=0.938)
  fixed_0.05     mean AUC=0.8594+-0.0171  (best pub=0.938)
  fixed_0.001    mean AUC=0.8405+-0.0204  (best pub=0.938)
  prog_0.005     mean AUC=0.8365+-0.0212  (best pub=0.938)
  adaptive       mean AUC=0.8342+-0.0214  (best pub=0.938)
  PAPC           mean AUC=0.8315+-0.0226  (best pub=0.938)

--- Gate-clamping ablation ---

=== dermamnist (n=7007) ===
  vanilla        s0: AUC=0.9821 ACC=0.8778 ECE=0.0720 gate=0.000 (2.9m)
  vanilla        s1: AUC=0.9812 ACC=0.8733 ECE=0.0765 gate=0.000 (3.0m)
  vanilla        s2: AUC=0.9822 ACC=0.8698 ECE=0.0948 gate=0.000 (3.0m)
  vanilla        mean AUC=0.9818+-0.0004  (best pub=0.937)
TIME: skipping pneumoniamnist

Session B done: 507.8 min

--- cell 8 -------------------------------------------------------------

Saved -> /teamspace/studios/this_studio/papc_B_results.json
Total wall-clock: 507.8 min
Download this JSON. Send it to me to fill in all paper tables and figures.

