==============================================================================
Follow-up consolidated runs
captured console output from PAPC_final_runs.ipynb
original run: NVIDIA A100, executed top-to-bottom
==============================================================================

--- cell 1 -------------------------------------------------------------
GPU: NVIDIA A100-SXM4-40GB  42GB
Out: /teamspace/studios/this_studio | bf16: True

--- cell 2 -------------------------------------------------------------
Model ready

--- cell 3 -------------------------------------------------------------
Data ready

--- cell 4 -------------------------------------------------------------
train_eval ready

--- cell 5 -------------------------------------------------------------
Loaded B: []
Loaded D: []
Ready. tl=8.5h

--- cell 6 -------------------------------------------------------------
============================================================
PRIORITY 1: Gate-clamping ablation
============================================================
100%|██████████| 1.09G/1.09G [00:50<00:00, 21.8MB/s]

dermamnist (n=7007, task=multi-class)
  vanilla    s0: AUC=0.9821  ACC=0.8778  ECE=0.0720  gate=0.000  (3.0m)
Warning: You are sending unauthenticated requests to the HF Hub. Please set a HF_TOKEN to enable higher rate limits and faster downloads.
  vanilla    s1: AUC=0.9812  ACC=0.8733  ECE=0.0765  gate=0.000  (3.0m)
  vanilla    s2: AUC=0.9822  ACC=0.8698  ECE=0.0948  gate=0.000  (3.0m)
  full_005   s0: AUC=0.9751  ACC=0.8090  ECE=0.0645  gate=0.069  (9.7m)
  full_005   s1: AUC=0.9569  ACC=0.3930  ECE=0.2385  gate=0.055  (9.7m)
  full_005   s2: AUC=0.9591  ACC=0.4549  ECE=0.2429  gate=0.065  (9.7m)
  clamped    s0: AUC=0.9751  ACC=0.8030  ECE=0.0418  gate=0.000  (9.1m)
  clamped    s1: AUC=0.9592  ACC=0.4798  ECE=0.2075  gate=0.000  (9.1m)
  clamped    s2: AUC=0.9556  ACC=0.4893  ECE=0.2259  gate=0.000  (9.1m)
  --- dermamnist clamp summary ---
  vanilla   : n=3  AUC=0.9818  ECE=0.0811
  full_005  : n=3  AUC=0.9637  ECE=0.1820
  clamped   : n=3  AUC=0.9633  ECE=0.1584
100%|██████████| 214M/214M [00:15<00:00, 13.4MB/s] 

pneumoniamnist (n=4708, task=binary-class)
  vanilla    s0: AUC=0.9923  ACC=0.8830  ECE=0.0394  gate=0.000  (1.9m)
  vanilla    s1: AUC=0.9908  ACC=0.9583  ECE=0.0828  gate=0.000  (1.9m)
  vanilla    s2: AUC=0.9925  ACC=0.9423  ECE=0.0453  gate=0.000  (1.9m)
  full_005   s0: AUC=0.9915  ACC=0.9407  ECE=0.0124  gate=0.058  (6.5m)
  full_005   s1: AUC=0.9878  ACC=0.9263  ECE=0.0168  gate=0.064  (6.5m)
  full_005   s2: AUC=0.9883  ACC=0.9119  ECE=0.0254  gate=0.060  (6.5m)
  clamped    s0: AUC=0.9905  ACC=0.9551  ECE=0.0190  gate=0.000  (6.1m)
  clamped    s1: AUC=0.9890  ACC=0.9503  ECE=0.0162  gate=0.000  (6.1m)
  clamped    s2: AUC=0.9894  ACC=0.9567  ECE=0.0152  gate=0.000  (6.1m)
  --- pneumoniamnist clamp summary ---
  vanilla   : n=3  AUC=0.9919  ECE=0.0558
  full_005  : n=3  AUC=0.9892  ECE=0.0182
  clamped   : n=3  AUC=0.9896  ECE=0.0168

Priority 1 done. Elapsed: 111.1min

--- cell 7 -------------------------------------------------------------
============================================================
PRIORITY 2: retinamnist SOTA table
============================================================
100%|██████████| 128M/128M [00:08<00:00, 14.9MB/s] 

retinamnist (n=1080, task=ordinal-regression, K=5)
  vanilla    s0: AUC=0.8672  ECE=0.1025  (1.0m)
  vanilla    s1: AUC=0.8684  ECE=0.0813  (1.0m)
  vanilla    s2: AUC=0.8342  ECE=0.1120  (1.0m)
  hp_0.05    s0: AUC=0.8624  ECE=0.1562  (2.8m)
  hp_0.05    s1: AUC=0.8652  ECE=0.0709  (2.8m)
  hp_0.05    s2: AUC=0.8559  ECE=0.0896  (2.8m)
  PAPC       s0: AUC=0.8679  ECE=0.1025  (2.8m)
  PAPC       s1: AUC=0.8588  ECE=0.0892  (2.8m)
  PAPC       s2: AUC=0.8541  ECE=0.0731  (2.8m)
  vanilla    final: 3 seeds  AUC=0.8566+-0.0158
  hp_0.05    final: 3 seeds  AUC=0.8612+-0.0039
  PAPC       final: 3 seeds  AUC=0.8602+-0.0057

Priority 2 done. Elapsed: 131.2min

--- cell 8 -------------------------------------------------------------
============================================================
PRIORITY 3: organamnist + organcmnist SOTA table
============================================================
100%|██████████| 1.80G/1.80G [01:08<00:00, 26.3MB/s] 

organamnist (n=34561)
  vanilla    s0: AUC=0.9950  ECE=0.0476  (6.0m)
  vanilla    s1: AUC=0.9973  ECE=0.0569  (6.0m)
  vanilla    s2: AUC=0.9964  ECE=0.0516  (6.0m)
  hp_0.05    s0: AUC=0.9967  ECE=0.1023  (21.4m)
  hp_0.05    s1: AUC=0.9949  ECE=0.0658  (21.4m)
  hp_0.05    s2: AUC=0.9971  ECE=0.0494  (21.4m)
  PAPC       s0: AUC=0.9968  ECE=0.0637  (21.4m)
  PAPC       s1: AUC=0.9962  ECE=0.0321  (21.4m)
  PAPC       s2: AUC=0.9942  ECE=0.0383  (21.4m)
100%|██████████| 760M/760M [00:40<00:00, 18.9MB/s] 

organcmnist (n=12975)
  vanilla    s0: AUC=0.9845  ECE=0.1725  (2.7m)
  vanilla    s1: AUC=0.9886  ECE=0.1381  (2.8m)
  vanilla    s2: AUC=0.9894  ECE=0.1574  (2.8m)
  hp_0.05    s0: AUC=0.9874  ECE=0.0677  (9.7m)
  hp_0.05    s1: AUC=0.9882  ECE=0.1235  (9.7m)
  hp_0.05    s2: AUC=0.9818  ECE=0.0359  (9.7m)
  PAPC       s0: AUC=0.9890  ECE=0.1668  (9.7m)
  PAPC       s1: AUC=0.9904  ECE=0.1156  (9.7m)
  PAPC       s2: AUC=0.9850  ECE=0.1748  (9.7m)

Priority 3 done. Elapsed: 346.9min

--- cell 9 -------------------------------------------------------------
============================================================
PRIORITY 4: Session D extended table
============================================================

organamnist (n=34561)
  vanilla    s0: AUC=0.9950  (6.0m)
  vanilla    s1: AUC=0.9973  (6.0m)
  vanilla    s2: AUC=0.9964  (6.0m)
  vanilla    s3: AUC=0.9961  (6.0m)
  vanilla    s4: AUC=0.9973  (6.0m)
  PAPC       s0: AUC=0.9968  (21.4m)
  PAPC       s1: AUC=0.9962  (21.4m)
  PAPC       s2: AUC=0.9942  (21.4m)
  PAPC       s3: AUC=0.9969  (21.4m)
  PAPC       s4: AUC=0.9967  (21.4m)

organcmnist (n=12975)
  vanilla    s0: AUC=0.9845  (2.8m)
  vanilla    s1: AUC=0.9886  (2.8m)
  vanilla    s2: AUC=0.9894  (2.8m)
  vanilla    s3: AUC=0.9889  (2.8m)
  vanilla    s4: AUC=0.9871  (2.7m)
  PAPC       s0: AUC=0.9890  (9.7m)

Priority 4 done. Elapsed: 508.5min

--- cell 10 ------------------------------------------------------------

Saved: /teamspace/studios/this_studio/papc_final_runs.json
Total elapsed: 508.5 min

GATE-CLAMPING RESULTS (key for mechanism section)
Dataset             Condition        AUC       ECE  Interpretation
  dermamnist          vanilla       0.9818    0.0811  baseline
  dermamnist          full_005      0.9637    0.1820  aux+integration
  dermamnist          clamped       0.9633    0.1584  aux only
  pneumoniamnist      vanilla       0.9919    0.0558  baseline
  pneumoniamnist      full_005      0.9892    0.0182  aux+integration
  pneumoniamnist      clamped       0.9896    0.0168  aux only

SOTA TABLE SUMMARY (all completed datasets)
Dataset                  n   Vanilla     hp.05      PAPC  Best Pub  Win?
  organamnist          34561    0.9962    0.9962    0.9957     0.998  
  organcmnist          12975    0.9875    0.9858    0.9881     0.997  
  retinamnist           1080    0.8566    0.8612    0.8602     0.773  VA WIN

Download papc_final_runs.json and send it back — ready to write the paper.

