========================================================================================
Follow-up consolidated runs
exported from papc_final_runs.json on 2026-09-08 08:38 UTC
metrics recorded per run; derived from the stored results JSON
========================================================================================

[clamp]
dataset          condition      seed      ACC      AUC      ECE     gate      min
----------------------------------------------------------------------------------------
dermamnist       vanilla           0   0.8778   0.9821   0.0720   0.0000     2.99
dermamnist       vanilla           1   0.8733   0.9812   0.0765   0.0000     2.96
dermamnist       vanilla           2   0.8698   0.9822   0.0948   0.0000     2.96
  -> mean        vanilla           3            0.9818   0.0811
dermamnist       full_005          0   0.8090   0.9751   0.0645   0.0687     9.74
dermamnist       full_005          1   0.3930   0.9569   0.2385   0.0546     9.74
dermamnist       full_005          2   0.4549   0.9591   0.2429   0.0653     9.74
  -> mean        full_005          3            0.9637   0.1820
dermamnist       clamped           0   0.8030   0.9751   0.0418   0.0000     9.13
dermamnist       clamped           1   0.4798   0.9592   0.2075   0.0000     9.15
dermamnist       clamped           2   0.4893   0.9556   0.2259   0.0000     9.13
  -> mean        clamped           3            0.9633   0.1584
pneumoniamnist   vanilla           0   0.8830   0.9923   0.0394   0.0000     1.92
pneumoniamnist   vanilla           1   0.9583   0.9908   0.0828   0.0000     1.92
pneumoniamnist   vanilla           2   0.9423   0.9925   0.0453   0.0000     1.92
  -> mean        vanilla           3            0.9919   0.0558
pneumoniamnist   full_005          0   0.9407   0.9915   0.0124   0.0584     6.54
pneumoniamnist   full_005          1   0.9263   0.9878   0.0168   0.0639     6.54
pneumoniamnist   full_005          2   0.9119   0.9883   0.0254   0.0602     6.54
  -> mean        full_005          3            0.9892   0.0182
pneumoniamnist   clamped           0   0.9551   0.9905   0.0190   0.0000     6.12
pneumoniamnist   clamped           1   0.9503   0.9890   0.0162   0.0000     6.13
pneumoniamnist   clamped           2   0.9567   0.9894   0.0152   0.0000     6.13
  -> mean        clamped           3            0.9896   0.0168

[sota]
dataset          condition      seed      ACC      AUC      ECE     gate      min
----------------------------------------------------------------------------------------
retinamnist      vanilla           0   0.5800   0.8672   0.1025   0.0000     0.98
retinamnist      vanilla           1   0.6350   0.8684   0.0813   0.0000     0.98
retinamnist      vanilla           2   0.5200   0.8342   0.1120   0.0000     0.98
  -> mean        vanilla           3            0.8566   0.0986
retinamnist      hp_0.05           0   0.4850   0.8624   0.1562   0.0290     2.78
retinamnist      hp_0.05           1   0.6275   0.8652   0.0709   0.0272     2.79
retinamnist      hp_0.05           2   0.5575   0.8559   0.0896   0.0273     2.78
  -> mean        hp_0.05           3            0.8612   0.1056
retinamnist      PAPC              0   0.5400   0.8679   0.1025   0.0075     2.79
retinamnist      PAPC              1   0.5825   0.8588   0.0892   0.0046     2.79
retinamnist      PAPC              2   0.5675   0.8541   0.0731   0.0075     2.79
  -> mean        PAPC              3            0.8602   0.0883
organamnist      vanilla           0   0.9575   0.9950   0.0476   0.0000     6.02
organamnist      vanilla           1   0.9561   0.9973   0.0569   0.0000     6.02
organamnist      vanilla           2   0.9576   0.9964   0.0516   0.0000     6.02
  -> mean        vanilla           3            0.9962   0.0520
organamnist      hp_0.05           0   0.9580   0.9967   0.1023   0.1330    21.42
organamnist      hp_0.05           1   0.9546   0.9949   0.0658   0.1347    21.42
organamnist      hp_0.05           2   0.9494   0.9971   0.0494   0.1348    21.42
  -> mean        hp_0.05           3            0.9962   0.0725
organamnist      PAPC              0   0.9540   0.9968   0.0637   0.0292    21.43
organamnist      PAPC              1   0.9607   0.9962   0.0321   0.0300    21.44
organamnist      PAPC              2   0.9588   0.9942   0.0383   0.0309    21.43
  -> mean        PAPC              3            0.9957   0.0447
organcmnist      vanilla           0   0.8429   0.9845   0.1725   0.0000     2.75
organcmnist      vanilla           1   0.8442   0.9886   0.1381   0.0000     2.75
organcmnist      vanilla           2   0.8591   0.9894   0.1574   0.0000     2.75
  -> mean        vanilla           3            0.9875   0.1560
organcmnist      hp_0.05           0   0.7908   0.9874   0.0677   0.0729     9.67
organcmnist      hp_0.05           1   0.8413   0.9882   0.1235   0.0784     9.67
organcmnist      hp_0.05           2   0.7729   0.9818   0.0359   0.0747     9.67
  -> mean        hp_0.05           3            0.9858   0.0757
organcmnist      PAPC              0   0.8648   0.9890   0.1668   0.0300     9.68
organcmnist      PAPC              1   0.8616   0.9904   0.1156   0.0310     9.68
organcmnist      PAPC              2   0.8447   0.9850   0.1748   0.0308     9.68
  -> mean        PAPC              3            0.9881   0.1524

[extended]
dataset          condition      seed      ACC      AUC      ECE     gate      min
----------------------------------------------------------------------------------------
organamnist      vanilla           0   0.9575   0.9950   0.0476   0.0000     6.02
organamnist      vanilla           1   0.9561   0.9973   0.0569   0.0000     6.02
organamnist      vanilla           2   0.9576   0.9964   0.0516   0.0000     6.02
organamnist      vanilla           3   0.9588   0.9961   0.0594   0.0000     6.02
organamnist      vanilla           4   0.9594   0.9973   0.0614   0.0000     6.02
  -> mean        vanilla           5            0.9964   0.0554
organamnist      PAPC              0   0.9540   0.9968   0.0637   0.0292    21.43
organamnist      PAPC              1   0.9607   0.9962   0.0321   0.0300    21.43
organamnist      PAPC              2   0.9588   0.9942   0.0383   0.0309    21.44
organamnist      PAPC              3   0.9612   0.9969   0.0470   0.0270    21.43
organamnist      PAPC              4   0.9580   0.9967   0.0475   0.0272    21.44
  -> mean        PAPC              5            0.9961   0.0457
organcmnist      vanilla           0   0.8429   0.9845   0.1725   0.0000     2.75
organcmnist      vanilla           1   0.8442   0.9886   0.1381   0.0000     2.75
organcmnist      vanilla           2   0.8591   0.9894   0.1574   0.0000     2.75
organcmnist      vanilla           3   0.8732   0.9889   0.1847   0.0000     2.75
organcmnist      vanilla           4   0.8438   0.9871   0.1653   0.0000     2.75
  -> mean        vanilla           5            0.9877   0.1636
organcmnist      PAPC              0   0.8648   0.9890   0.1668   0.0300     9.68
  -> mean        PAPC              1            0.9890   0.1668

========================================================================================
runs logged: 61    total train+eval time: 8.4 GPU-hours
========================================================================================
