========================================================================================
Session A - main SOTA table
exported from papc_A_results.json on 2026-09-08 08:38 UTC
metrics recorded per run; derived from the stored results JSON
========================================================================================

[sota]
dataset          condition      seed      ACC      AUC      ECE     gate      min
----------------------------------------------------------------------------------------
pathmnist        vanilla           0   0.9600   0.9981   0.0603   0.0000    10.93
pathmnist        vanilla           1   0.9561   0.9971   0.0597   0.0000    10.89
pathmnist        vanilla           2   0.9553   0.9977   0.0599   0.0000    10.86
  -> mean        vanilla           3            0.9976   0.0600
pathmnist        hp_0.05           0   0.9464   0.9908   0.1048   0.1776    38.57
pathmnist        hp_0.05           1   0.9425   0.9909   0.0321   0.1985    38.57
pathmnist        hp_0.05           2   0.9501   0.9927   0.0736   0.1825    38.57
  -> mean        hp_0.05           3            0.9915   0.0701
pathmnist        PAPC              0   0.9561   0.9974   0.0708   0.0072    38.58
pathmnist        PAPC              1   0.9543   0.9980   0.0752   0.0065    38.58
pathmnist        PAPC              2   0.9564   0.9975   0.0571   0.0061    38.59
  -> mean        PAPC              3            0.9976   0.0677
bloodmnist       vanilla           0   0.9901   0.9992   0.0930   0.0000     3.92
bloodmnist       vanilla           1   0.9895   0.9994   0.0782   0.0000     3.91
bloodmnist       vanilla           2   0.9904   0.9994   0.0575   0.0000     3.92
  -> mean        vanilla           3            0.9993   0.0762
bloodmnist       hp_0.05           0   0.9661   0.9990   0.1006   0.0996    13.34
bloodmnist       hp_0.05           1   0.9813   0.9992   0.0906   0.1009    13.37
bloodmnist       hp_0.05           2   0.9810   0.9992   0.1570   0.0840    13.35
  -> mean        hp_0.05           3            0.9991   0.1160
bloodmnist       PAPC              0   0.9871   0.9994   0.0748   0.0154    13.36
bloodmnist       PAPC              1   0.9880   0.9994   0.0715   0.0167    13.36
bloodmnist       PAPC              2   0.9889   0.9994   0.0620   0.0112    13.36
  -> mean        PAPC              3            0.9994   0.0695
dermamnist       vanilla           0   0.8778   0.9821   0.0720   0.0000     2.96
dermamnist       vanilla           1   0.8733   0.9812   0.0765   0.0000     2.96
dermamnist       vanilla           2   0.8698   0.9822   0.0948   0.0000     2.96
  -> mean        vanilla           3            0.9818   0.0811
dermamnist       hp_0.05           0   0.8090   0.9751   0.0645   0.0687     9.75
dermamnist       hp_0.05           1   0.3930   0.9569   0.2385   0.0546     9.74
dermamnist       hp_0.05           2   0.4549   0.9591   0.2429   0.0653     9.74
  -> mean        hp_0.05           3            0.9637   0.1820
dermamnist       PAPC              0   0.8653   0.9811   0.0886   0.0074     9.76
dermamnist       PAPC              1   0.8673   0.9809   0.1028   0.0059     9.75
dermamnist       PAPC              2   0.8708   0.9799   0.0776   0.0084     9.74
  -> mean        PAPC              3            0.9806   0.0897
breastmnist      vanilla           0   0.6923   0.8159   0.0849   0.0000     0.51
breastmnist      vanilla           1   0.6346   0.8140   0.1073   0.0000     0.50
breastmnist      vanilla           2   0.8013   0.8227   0.0603   0.0000     0.50
  -> mean        vanilla           3            0.8175   0.0842
breastmnist      hp_0.05           0   0.7756   0.8808   0.1628   0.0190     1.44
breastmnist      hp_0.05           1   0.8205   0.8390   0.0576   0.0165     1.43
breastmnist      hp_0.05           2   0.7756   0.8585   0.0679   0.0180     1.44
  -> mean        hp_0.05           3            0.8594   0.0961
breastmnist      PAPC              0   0.7756   0.8632   0.1578   0.0043     1.44
breastmnist      PAPC              1   0.7628   0.8194   0.0696   0.0040     1.44
breastmnist      PAPC              2   0.6538   0.8119   0.0824   0.0049     1.44
  -> mean        PAPC              3            0.8315   0.1033
pneumoniamnist   vanilla           0   0.8830   0.9923   0.0394   0.0000     1.92
pneumoniamnist   vanilla           1   0.9583   0.9908   0.0828   0.0000     1.93
pneumoniamnist   vanilla           2   0.9423   0.9925   0.0453   0.0000     1.92
  -> mean        vanilla           3            0.9919   0.0558
pneumoniamnist   hp_0.05           0   0.9407   0.9915   0.0124   0.0584     6.53
pneumoniamnist   hp_0.05           1   0.9263   0.9878   0.0168   0.0639     6.54
pneumoniamnist   hp_0.05           2   0.9119   0.9883   0.0254   0.0602     6.54
  -> mean        hp_0.05           3            0.9892   0.0182
pneumoniamnist   PAPC              0   0.8638   0.9914   0.0517   0.0046     6.54
pneumoniamnist   PAPC              1   0.8958   0.9908   0.0496   0.0031     6.54
pneumoniamnist   PAPC              2   0.9391   0.9900   0.0385   0.0068     6.55
  -> mean        PAPC              3            0.9907   0.0466

========================================================================================
runs logged: 45    total train+eval time: 8.0 GPU-hours
========================================================================================
