========================================================================================
Session C - CIFAR-100 + weight sweep
exported from papc_C_results.json on 2026-09-08 08:38 UTC
metrics recorded per run; derived from the stored results JSON
========================================================================================

[cifar]
dataset          condition      seed      ACC      AUC      ECE     gate      min
----------------------------------------------------------------------------------------
2000             vanilla           0   0.1476   0.8380   0.0434   0.0000     1.27
2000             vanilla           1   0.1556   0.8562   0.0462   0.0000     1.24
  -> mean        vanilla           2            0.8471   0.0448
2000             PAPC              0   0.1448   0.8486   0.0536   0.0176     3.45
2000             PAPC              1   0.1436   0.8418   0.0445   0.0189     3.44
  -> mean        PAPC              2            0.8452   0.0491
2000             fixed_001         0   0.1445   0.8485   0.0547   0.0170     3.43
2000             fixed_001         1   0.1439   0.8402   0.0436   0.0200     3.44
  -> mean        fixed_001         2            0.8444   0.0491
2000             fixed_05          0   0.1405   0.8446   0.0616   0.0295     3.45
2000             fixed_05          1   0.1379   0.8383   0.0539   0.0269     3.45
  -> mean        fixed_05          2            0.8415   0.0578
10000            vanilla           0   0.8511   0.9957   0.3226   0.0000     2.29
10000            vanilla           1   0.8584   0.9960   0.3154   0.0000     2.29
  -> mean        vanilla           2            0.9959   0.3190
10000            PAPC              0   0.8400   0.9951   0.3246   0.0128     7.69
10000            PAPC              1   0.8515   0.9959   0.3303   0.0109     7.67
  -> mean        PAPC              2            0.9955   0.3274
10000            fixed_001         0   0.8389   0.9950   0.3255   0.0133     7.68
10000            fixed_001         1   0.8496   0.9959   0.3297   0.0102     7.67
  -> mean        fixed_001         2            0.9955   0.3276
10000            fixed_05          0   0.8345   0.9946   0.3437   0.0418     7.67
10000            fixed_05          1   0.8491   0.9956   0.3436   0.0321     7.67
  -> mean        fixed_05          2            0.9951   0.3436
50000            vanilla           0   0.9346   0.9994   0.1009   0.0000     5.28
50000            vanilla           1   0.9343   0.9994   0.1072   0.0000     5.27
  -> mean        vanilla           2            0.9994   0.1040
50000            PAPC              0   0.9350   0.9994   0.1133   0.0097    18.54
50000            PAPC              1   0.9342   0.9994   0.1046   0.0092    18.54
  -> mean        PAPC              2            0.9994   0.1090
50000            fixed_001         0   0.9342   0.9994   0.1157   0.0090    18.52
50000            fixed_001         1   0.9348   0.9994   0.1098   0.0088    18.53
  -> mean        fixed_001         2            0.9994   0.1128
50000            fixed_05          0   0.9278   0.9992   0.1803   0.0743    18.53
50000            fixed_05          1   0.9265   0.9992   0.2088   0.0651    18.53
  -> mean        fixed_05          2            0.9992   0.1945

[sweep]
dataset          condition      seed      ACC      AUC      ECE     gate      min
----------------------------------------------------------------------------------------

[scaling_law]
{
  "k": 256.70466430518974,
  "alpha": 1.4120863338636396,
  "r2": 0.8309939501504909,
  "sizes": [
    546,
    7007,
    4708,
    11959
  ],
  "wopt": [
    0.05,
    0.001,
    0.0005,
    0.001
  ]
}

========================================================================================
runs logged: 24    total train+eval time: 3.3 GPU-hours
========================================================================================
