========================================================================================
Session D - 5-seed runs + learned weights
exported from papc_D_results.json on 2026-09-08 08:38 UTC
metrics recorded per run; derived from the stored results JSON
========================================================================================

[extended]
dataset          condition      seed      ACC      AUC      ECE     gate      min
----------------------------------------------------------------------------------------
pathmnist        vanilla           0   0.9600   0.9981   0.0603   0.0000    10.96
pathmnist        vanilla           1   0.9561   0.9971   0.0597   0.0000    10.90
pathmnist        vanilla           2   0.9553   0.9977   0.0599   0.0000    10.88
pathmnist        vanilla           3   0.9603   0.9975   0.0752   0.0000    10.88
pathmnist        vanilla           4   0.9572   0.9975   0.0620   0.0000    10.88
  -> mean        vanilla           5            0.9976   0.0634
pathmnist        PAPC              0   0.9561   0.9974   0.0708   0.0072    38.61
pathmnist        PAPC              1   0.9543   0.9980   0.0752   0.0065    38.61
pathmnist        PAPC              2   0.9564   0.9975   0.0571   0.0061    38.62
pathmnist        PAPC              3   0.9584   0.9976   0.0588   0.0052    38.61
pathmnist        PAPC              4   0.9532   0.9969   0.0595   0.0058    38.61
  -> mean        PAPC              5            0.9975   0.0643
bloodmnist       vanilla           0   0.9901   0.9992   0.0930   0.0000     3.93
bloodmnist       vanilla           1   0.9895   0.9994   0.0782   0.0000     3.92
bloodmnist       vanilla           2   0.9904   0.9994   0.0575   0.0000     3.93
bloodmnist       vanilla           3   0.9904   0.9994   0.0537   0.0000     3.90
bloodmnist       vanilla           4   0.9906   0.9995   0.0872   0.0000     3.92
  -> mean        vanilla           5            0.9994   0.0739
bloodmnist       PAPC              0   0.9871   0.9994   0.0748   0.0154    13.35
bloodmnist       PAPC              1   0.9880   0.9994   0.0715   0.0167    13.37
bloodmnist       PAPC              2   0.9889   0.9994   0.0620   0.0112    13.37
bloodmnist       PAPC              3   0.9889   0.9994   0.1055   0.0152    13.36
bloodmnist       PAPC              4   0.9880   0.9994   0.0805   0.0114    13.37
  -> mean        PAPC              5            0.9994   0.0789
dermamnist       vanilla           0   0.8778   0.9821   0.0720   0.0000     2.96
dermamnist       vanilla           1   0.8733   0.9812   0.0765   0.0000     2.97
dermamnist       vanilla           2   0.8698   0.9822   0.0948   0.0000     2.97
dermamnist       vanilla           3   0.8673   0.9812   0.0683   0.0000     2.96
dermamnist       vanilla           4   0.8728   0.9817   0.0868   0.0000     2.97
  -> mean        vanilla           5            0.9817   0.0797
dermamnist       PAPC              0   0.8653   0.9811   0.0886   0.0074     9.75
dermamnist       PAPC              1   0.8673   0.9809   0.1028   0.0059     9.76
dermamnist       PAPC              2   0.8708   0.9799   0.0776   0.0084     9.76
dermamnist       PAPC              3   0.8743   0.9820   0.1125   0.0081     9.76
dermamnist       PAPC              4   0.8688   0.9816   0.0829   0.0085     9.76
  -> mean        PAPC              5            0.9811   0.0929
breastmnist      vanilla           0   0.7179   0.8023   0.0678   0.0000     0.51
breastmnist      vanilla           1   0.6603   0.8096   0.0762   0.0000     0.51
breastmnist      vanilla           2   0.8013   0.8236   0.0544   0.0000     0.50
breastmnist      vanilla           3   0.5449   0.8759   0.2403   0.0000     0.50
breastmnist      vanilla           4   0.8333   0.8727   0.1016   0.0000     0.50
  -> mean        vanilla           5            0.8368   0.1081
breastmnist      PAPC              0   0.7628   0.8724   0.1601   0.0065     1.44
breastmnist      PAPC              1   0.7564   0.8338   0.0941   0.0056     1.44
breastmnist      PAPC              2   0.6282   0.8215   0.1164   0.0040     1.44
breastmnist      PAPC              3   0.8141   0.8236   0.0447   0.0054     1.44
breastmnist      PAPC              4   0.8077   0.8206   0.0583   0.0047     1.44
  -> mean        PAPC              5            0.8344   0.0947
pneumoniamnist   vanilla           0   0.8830   0.9923   0.0394   0.0000     1.92
pneumoniamnist   vanilla           1   0.9583   0.9908   0.0828   0.0000     1.93
pneumoniamnist   vanilla           2   0.9423   0.9925   0.0453   0.0000     1.93
pneumoniamnist   vanilla           3   0.9359   0.9892   0.0449   0.0000     1.93
pneumoniamnist   vanilla           4   0.8365   0.9908   0.0556   0.0000     1.93
  -> mean        vanilla           5            0.9911   0.0536
pneumoniamnist   PAPC              0   0.8638   0.9914   0.0517   0.0046     6.54
pneumoniamnist   PAPC              1   0.8958   0.9908   0.0496   0.0031     6.55
pneumoniamnist   PAPC              2   0.9391   0.9900   0.0385   0.0068     6.55
pneumoniamnist   PAPC              3   0.9487   0.9930   0.0696   0.0053     6.55
pneumoniamnist   PAPC              4   0.9423   0.9917   0.0444   0.0039     6.55
  -> mean        PAPC              5            0.9913   0.0508
retinamnist      vanilla           0   0.5825   0.8677   0.0964   0.0000     0.99
retinamnist      vanilla           1   0.6375   0.8664   0.0919   0.0000     0.99
retinamnist      vanilla           2   0.5425   0.8340   0.1323   0.0000     1.00
retinamnist      vanilla           3   0.4100   0.8403   0.1374   0.0000     0.99
retinamnist      vanilla           4   0.5525   0.8524   0.0708   0.0000     0.99
  -> mean        vanilla           5            0.8522   0.1058
retinamnist      PAPC              0   0.5450   0.8675   0.0944   0.0051     2.81
retinamnist      PAPC              1   0.5850   0.8589   0.0793   0.0040     2.81
retinamnist      PAPC              2   0.5450   0.8530   0.0890   0.0069     2.81
retinamnist      PAPC              3   0.6325   0.8565   0.0950   0.0079     2.81
retinamnist      PAPC              4   0.6100   0.8774   0.1656   0.0078     2.81
  -> mean        PAPC              5            0.8627   0.1047
organamnist      vanilla           0   0.9575   0.9950   0.0476   0.0000     6.01
organamnist      vanilla           1   0.9561   0.9973   0.0569   0.0000     6.01
organamnist      vanilla           2   0.9576   0.9964   0.0516   0.0000     6.01
organamnist      vanilla           3   0.9588   0.9961   0.0594   0.0000     6.01
  -> mean        vanilla           4            0.9962   0.0539

[learned_weights]
{
  "pathmnist": [
    0.0020763904321938753,
    0.0004691600857768208,
    0.00046882851747795937,
    0.00046781044802628456,
    0.0004671936621889472,
    0.00046814084053039553,
    0.0004694245697464794,
    0.0004716814786661416,
    0.000472488539526239,
    0.00047172236372716725,
    0.00047249187482520936,
    0.0004657404264435172
  ],
  "bloodmnist": [
    0.0020321869291365148,
    0.001197053655050695,
    0.0011973119340837,
    0.001196941314265132,
    0.0011968244332820177,
    0.0011970853898674249,
    0.0011980525916442275,
    0.001200365531258285,
    0.0011977626476436854,
    0.0011955427005887031,
    0.0011914469767361879,
    0.0011879458557814359
  ],
  "dermamnist": [
    0.0020393603015691044,
    0.0014291590545326472,
    0.0014298390597105026,
    0.0014299821574240922,
    0.0014302410883828998,
    0.0014303113333880902,
    0.0014300359413027762,
    0.0014303074451163412,
    0.0014301954535767436,
    0.0014309718506410718,
    0.001438093837350607,
    0.0014274337096139788
  ],
  "breastmnist": [
    0.0020083599723875523,
    0.0018831839319318534,
    0.0018833571579307319,
    0.0018834292888641358,
    0.0018833984388038516,
    0.0018833777867257595,
    0.001883236225694418,
    0.0018832789734005927,
    0.001883186399936676,
    0.0018839699914678931,
    0.001889526448212564,
    0.0018831322668120265
  ],
  "pneumoniamnist": [
    0.0020177601370960476,
    0.0016231657704338432,
    0.0016229867236688734,
    0.0016232362249866128,
    0.0016230730339884757,
    0.0016233489383012055,
    0.0016232464462518693,
    0.0016230782261118294,
    0.0016218707663938404,
    0.0016228105407208205,
    0.0016222232952713966,
    0.0016188854118809105
  ],
  "retinamnist": [
    0.0020177552942186594,
    0.0017701653996482491,
    0.001770742074586451,
    0.0017709766514599323,
    0.001770908129401505,
    0.0017709111096337437,
    0.001770543586462736,
    0.0017705228179693221,
    0.0017701931297779082,
    0.0017704928060993553,
    0.001774765201844275,
    0.0017677080119028687
  ]
}

========================================================================================
runs logged: 64    total train+eval time: 8.2 GPU-hours
========================================================================================
